doctest for task 7

>>> BaseGeometry = __import__('7-base_geometry').BaseGeometry
>>> bgeo = BaseGeometry()
>>> bgeo.integer_validator("naod", "tesfay")
Traceback (most recent call last):
...
TypeError: naod must be an integer
>>> bgeo.integer_validator("naod", 0)
Traceback (most recent call last):
...
ValueError: naod must be greater than 0
>>> bgeo.integer_validator()
Traceback (most recent call last):
...
TypeError: BaseGeometry.integer_validator() missing 2 required positional arguments: 'name' and 'value'
>>> bgeo.integer_validator("naod")
Traceback (most recent call last):
...
TypeError: BaseGeometry.integer_validator() missing 1 required positional argument: 'value'
>>> bgeo.integer_validator("naod", -1)
Traceback (most recent call last):
...
ValueError: naod must be greater than 0
>>> bgeo.integer_validator("naod", 10)
>>> bgeo.integer_validator("naod", 0.1)
Traceback (most recent call last):
...
TypeError: naod must be an integer
>>> y = __import__('7-base_geometry').BaseGeometry.__doc__
>>> len(y) > 1
True
>>> y = __import__('7-base_geometry').__doc__
>>> len(y) > 1
True
>>> bgeo.area()
Traceback (most recent call last):
...
Exception: area() is not implemented

>>> bgeo.integer_validator("naod", None)
Traceback (most recent call last):
...
TypeError: naod must be an integer
>>> bgeo.integer_validator("naod", {5, 6})
Traceback (most recent call last):
...
TypeError: naod must be an integer
>>> bgeo.integer_validator("naod", True)
Traceback (most recent call last):
...
TypeError: naod must be an integer
>>> bgeo.integer_validator("naod", [7])
Traceback (most recent call last):
...
TypeError: naod must be an integer
>>> bgeo.integer_validator("naod", (4,))
Traceback (most recent call last):
...
TypeError: naod must be an integer
